.next/types/validator.ts(233,39): error TS2307: Cannot find module '../../app/api/proxy-image/route.js' or its corresponding type declarations.
